#                 Statistics Report
#  Circuit name                               s15850
#  Fault model                                   SAF
#  Pattern type                                  LOC
#  -------------------------------------------------
#  Fault classes                             #faults
#  ----------------------------  -------------------
#    FU (full)                                 53704
#    --------------------------  -------------------
#    UD (undetected)                            1068
#    PT (possibly testable)                        0
#    AU (atpg untestable)                       1009
#    RE (redundant)                                0
#    AB (atpg abort)                               2
#    TI (tied)                                     0
#    --------------------------  -------------------
#    DT (detected)                             51625
#  -------------------------------------------------
#  Coverage                               percentage
#    --------------------------  -------------------
#    test coverage                            97.97%
#    fault coverage                           96.13%
#    atpg effectiveness                       98.01%
#  -------------------------------------------------
#  #Patterns                                     701
#  -------------------------------------------------
#  ATPG runtime                               5.96 s
#  -------------------------------------------------
