#                 Statistics Report
#  Circuit name                               s38417
#  Fault model                                   SAF
#  Pattern type                                  LOC
#  -------------------------------------------------
#  Fault classes                             #faults
#  ----------------------------  -------------------
#    FU (full)                                128322
#    --------------------------  -------------------
#    UD (undetected)                            3272
#    PT (possibly testable)                        0
#    AU (atpg untestable)                        314
#    RE (redundant)                                0
#    AB (atpg abort)                               0
#    TI (tied)                                     0
#    --------------------------  -------------------
#    DT (detected)                            124736
#  -------------------------------------------------
#  Coverage                               percentage
#    --------------------------  -------------------
#    test coverage                            97.44%
#    fault coverage                           97.21%
#    atpg effectiveness                       97.45%
#  -------------------------------------------------
#  #Patterns                                    2044
#  -------------------------------------------------
#  ATPG runtime                              24.99 s
#  -------------------------------------------------
