#                 Statistics Report
#  Circuit name                                c5315
#  Fault model                                   SAF
#  Pattern type                                  LOC
#  -------------------------------------------------
#  Fault classes                             #faults
#  ----------------------------  -------------------
#    FU (full)                                  6016
#    --------------------------  -------------------
#    UD (undetected)                               0
#    PT (possibly testable)                        0
#    AU (atpg untestable)                         37
#    RE (redundant)                                0
#    AB (atpg abort)                              95
#    TI (tied)                                     0
#    --------------------------  -------------------
#    DT (detected)                              5884
#  -------------------------------------------------
#  Coverage                               percentage
#    --------------------------  -------------------
#    test coverage                            98.41%
#    fault coverage                           97.81%
#    atpg effectiveness                       98.42%
#  -------------------------------------------------
#  #Patterns                                     367
#  -------------------------------------------------
#  ATPG runtime                              0.387 s
#  -------------------------------------------------
