#                 Statistics Report
#  Circuit name                                c6288
#  Fault model                                   TDF
#  Pattern type                                  LOC
#  -------------------------------------------------
#  Fault classes                             #faults
#  ----------------------------  -------------------
#    FU (full)                                 14560
#    --------------------------  -------------------
#    UD (undetected)                               0
#    PT (possibly testable)                        0
#    AU (atpg untestable)                        119
#    RE (redundant)                                0
#    AB (atpg abort)                               2
#    TI (tied)                                     0
#    --------------------------  -------------------
#    DT (detected)                             14439
#  -------------------------------------------------
#  Coverage                               percentage
#    --------------------------  -------------------
#    test coverage                            99.99%
#    fault coverage                           99.17%
#    atpg effectiveness                       99.99%
#  -------------------------------------------------
#  #Patterns                                     219
#  -------------------------------------------------
#  ATPG runtime                              0.535 s
#  -------------------------------------------------
