#                 Statistics Report
#  Circuit name                                 s444
#  Fault model                                   SAF
#  Pattern type                                  LOC
#  -------------------------------------------------
#  Fault classes                             #faults
#  ----------------------------  -------------------
#    FU (full)                                   526
#    --------------------------  -------------------
#    UD (undetected)                               0
#    PT (possibly testable)                        0
#    AU (atpg untestable)                         14
#    RE (redundant)                                0
#    AB (atpg abort)                               4
#    TI (tied)                                     0
#    --------------------------  -------------------
#    DT (detected)                               508
#  -------------------------------------------------
#  Coverage                               percentage
#    --------------------------  -------------------
#    test coverage                            99.22%
#    fault coverage                           96.58%
#    atpg effectiveness                       99.24%
#  -------------------------------------------------
#  #Patterns                                      53
#  -------------------------------------------------
#  ATPG runtime                           0.004714 s
#  -------------------------------------------------
