#                 Statistics Report
#  Circuit name                                s9234
#  Fault model                                   TDF
#  Pattern type                                  LOC
#  -------------------------------------------------
#  Fault classes                             #faults
#  ----------------------------  -------------------
#    FU (full)                                 29826
#    --------------------------  -------------------
#    UD (undetected)                             422
#    PT (possibly testable)                        0
#    AU (atpg untestable)                       2633
#    RE (redundant)                                0
#    AB (atpg abort)                             682
#    TI (tied)                                     0
#    --------------------------  -------------------
#    DT (detected)                             26089
#  -------------------------------------------------
#  Coverage                               percentage
#    --------------------------  -------------------
#    test coverage                            95.94%
#    fault coverage                           87.47%
#    atpg effectiveness                        96.3%
#  -------------------------------------------------
#  #Patterns                                    1182
#  -------------------------------------------------
#  ATPG runtime                              70.14 s
#  -------------------------------------------------
