#                 Statistics Report
#  Circuit name                                  b01
#  Fault model                                   SAF
#  Pattern type                                BASIC
#  -------------------------------------------------
#  Fault classes                             #faults
#  ----------------------------  -------------------
#    FU (full)                                   140
#    --------------------------  -------------------
#    UD (undetected)                             129
#    PT (possibly testable)                        0
#    AU (atpg untestable)                         11
#    RE (redundant)                                0
#    AB (atpg abort)                               0
#    TI (tied)                                     0
#    --------------------------  -------------------
#    DT (detected)                                 0
#  -------------------------------------------------
#  Coverage                               percentage
#    --------------------------  -------------------
#    test coverage                                0%
#    fault coverage                               0%
#    atpg effectiveness                       7.857%
#  -------------------------------------------------
#  #Patterns                                     129
#  -------------------------------------------------
#  ATPG runtime                            0.02056 s
#  -------------------------------------------------
