#                 Statistics Report
#  Circuit name                                  b01
#  Fault model                                   SAF
#  Pattern type                                BASIC
#  -------------------------------------------------
#  Fault classes                             #faults
#  ----------------------------  -------------------
#    FU (full)                                   266
#    --------------------------  -------------------
#    UD (undetected)                               0
#    PT (possibly testable)                       18
#    AU (atpg untestable)                         18
#    RE (redundant)                                0
#    AB (atpg abort)                               0
#    TI (tied)                                     0
#    DH (hard-but-detected)                       14
#    --------------------------  -------------------
#    DT (detected)                               230
#  -------------------------------------------------
#  Coverage                               percentage
#    --------------------------  -------------------
#    test coverage                              100%
#    fault coverage                           93.23%
#    atpg effectiveness                       93.23%
#  -------------------------------------------------
#  #Patterns                                      13
#  #Patterns Norm.                                13
#  Ave.Spec-rate                              67.35%
#  Max.Spec-rate                              71.43%
#  -------------------------------------------------
#  ATPG runtime                           0.009679 s
#  -------------------------------------------------
