#                 Statistics Report
#  Circuit name                                  b01
#  Fault model                                   SAF
#  Pattern type                                BASIC
#  -------------------------------------------------
#  Fault classes                             #faults
#  ----------------------------  -------------------
#    FU (full)                                   266
#    --------------------------  -------------------
#    UD (undetected)                               0
#    PT (possibly testable)                        0
#    AU (atpg untestable)                          0
#    RE (redundant)                                0
#    AB (atpg abort)                               0
#    TI (tied)                                     0
#    DH (hard-but-detected)                       19
#    --------------------------  -------------------
#    DT (detected)                               266
#  -------------------------------------------------
#  Coverage                               percentage
#    --------------------------  -------------------
#    test coverage                              100%
#    fault coverage                             100%
#    atpg effectiveness                         100%
#  -------------------------------------------------
#  #Patterns                                      19
#  #Patterns Norm.                                19
#  Ave.Spec-rate                              66.92%
#  Max.Spec-rate                              71.43%
#  -------------------------------------------------
#  ATPG runtime                           0.008486 s
#  -------------------------------------------------
