#                 Statistics Report
#  Circuit name                                 b15s
#  Fault model                                   SAF
#  Pattern type                                BASIC
#  -------------------------------------------------
#  Fault classes                             #faults
#  ----------------------------  -------------------
#    FU (full)                                 56412
#    --------------------------  -------------------
#    UD (undetected)                               0
#    PT (possibly testable)                        0
#    AU (atpg untestable)                         33
#    RE (redundant)                                0
#    AB (atpg abort)                            2522
#    TI (tied)                                     0
#    DH (hard-but-detected)                     4161
#    --------------------------  -------------------
#    DT (detected)                             53857
#  -------------------------------------------------
#  Coverage                               percentage
#    --------------------------  -------------------
#    test coverage                            95.53%
#    fault coverage                           95.47%
#    atpg effectiveness                       95.53%
#  -------------------------------------------------
#  #Patterns                                     520
#  #Patterns Norm.                               520
#  Ave.Spec-rate                              12.07%
#  Max.Spec-rate                              92.16%
#  -------------------------------------------------
#  ATPG runtime                              447.8 s
#  -------------------------------------------------
