#                 Statistics Report
#  Circuit name                                 b15s
#  Fault model                                   SAF
#  Pattern type                                BASIC
#  -------------------------------------------------
#  Fault classes                             #faults
#  ----------------------------  -------------------
#    FU (full)                                 25894
#    --------------------------  -------------------
#    UD (undetected)                               0
#    PT (possibly testable)                        9
#    AU (atpg untestable)                         51
#    RE (redundant)                                0
#    AB (atpg abort)                            2060
#    TI (tied)                                     0
#    DH (hard-but-detected)                     4790
#    --------------------------  -------------------
#    DT (detected)                             23774
#  -------------------------------------------------
#  Coverage                               percentage
#    --------------------------  -------------------
#    test coverage                            92.03%
#    fault coverage                           91.85%
#    atpg effectiveness                       92.01%
#  -------------------------------------------------
#  #Patterns                                     569
#  Ave.Spec-rate                              10.27%
#  Max.Spec-rate                              84.74%
#  -------------------------------------------------
#  ATPG runtime                              252.6 s
#  -------------------------------------------------
