#                 Statistics Report
#  Circuit name                                 b15s
#  Fault model                                   SAF
#  Pattern type                                BASIC
#  -------------------------------------------------
#  Fault classes                             #faults
#  ----------------------------  -------------------
#    FU (full)                                 56412
#    --------------------------  -------------------
#    UD (undetected)                               0
#    PT (possibly testable)                        0
#    AU (atpg untestable)                         33
#    RE (redundant)                                0
#    AB (atpg abort)                            2152
#    TI (tied)                                     0
#    DH (hard-but-detected)                     4332
#    --------------------------  -------------------
#    DT (detected)                             54227
#  -------------------------------------------------
#  Coverage                               percentage
#    --------------------------  -------------------
#    test coverage                            96.18%
#    fault coverage                           96.13%
#    atpg effectiveness                       96.19%
#  -------------------------------------------------
#  #Patterns                                     545
#  #Patterns Norm.                               545
#  Ave.Spec-rate                               11.7%
#  Max.Spec-rate                              91.34%
#  -------------------------------------------------
#  ATPG runtime                              637.1 s
#  -------------------------------------------------
