#                 Statistics Report
#  Circuit name                                 b17s
#  Fault model                                   SAF
#  Pattern type                                BASIC
#  -------------------------------------------------
#  Fault classes                             #faults
#  ----------------------------  -------------------
#    FU (full)                                 72192
#    --------------------------  -------------------
#    UD (undetected)                               0
#    PT (possibly testable)                        0
#    AU (atpg untestable)                       2222
#    RE (redundant)                                0
#    AB (atpg abort)                            7102
#    TI (tied)                                     0
#    --------------------------  -------------------
#    DT (detected)                             62868
#  -------------------------------------------------
#  Coverage                               percentage
#    --------------------------  -------------------
#    test coverage                            89.85%
#    fault coverage                           87.08%
#    atpg effectiveness                       90.16%
#  -------------------------------------------------
#  #Patterns                                    2422
#  Ave.Spec-rate                              2.004%
#  Max.Spec-rate                               6.68%
#  -------------------------------------------------
#  ATPG runtime                              178.2 s
#  -------------------------------------------------
