#                 Statistics Report
#  Circuit name                                 b17s
#  Fault model                                   SAF
#  Pattern type                                BASIC
#  -------------------------------------------------
#  Fault classes                             #faults
#  ----------------------------  -------------------
#    FU (full)                                154988
#    --------------------------  -------------------
#    UD (undetected)                               0
#    PT (possibly testable)                        0
#    AU (atpg untestable)                         84
#    RE (redundant)                                0
#    AB (atpg abort)                            6162
#    TI (tied)                                     0
#    DH (hard-but-detected)                    13810
#    --------------------------  -------------------
#    DT (detected)                            148742
#  -------------------------------------------------
#  Coverage                               percentage
#    --------------------------  -------------------
#    test coverage                            96.02%
#    fault coverage                           95.97%
#    atpg effectiveness                       96.02%
#  -------------------------------------------------
#  #Patterns                                     895
#  #Patterns Norm.                               838
#  Ave.Spec-rate                              9.461%
#  Max.Spec-rate                               93.8%
#  -------------------------------------------------
#  ATPG runtime                               2476 s
#  -------------------------------------------------
