#                 Statistics Report
#  Circuit name                                 b17s
#  Fault model                                   SAF
#  Pattern type                                BASIC
#  -------------------------------------------------
#  Fault classes                             #faults
#  ----------------------------  -------------------
#    FU (full)                                154988
#    --------------------------  -------------------
#    UD (undetected)                               0
#    PT (possibly testable)                        0
#    AU (atpg untestable)                         84
#    RE (redundant)                                0
#    AB (atpg abort)                            5852
#    TI (tied)                                     0
#    DH (hard-but-detected)                     4395
#    --------------------------  -------------------
#    DT (detected)                            149052
#  -------------------------------------------------
#  Coverage                               percentage
#    --------------------------  -------------------
#    test coverage                            96.22%
#    fault coverage                           96.17%
#    atpg effectiveness                       96.22%
#  -------------------------------------------------
#  #Patterns                                     942
#  #Patterns Norm.                               900
#  Ave.Spec-rate                              9.184%
#  Max.Spec-rate                               93.8%
#  -------------------------------------------------
#  ATPG runtime                          1.315e+04 s
#  -------------------------------------------------
