#                 Statistics Report
#  Circuit name                                b19_1
#  Fault model                                   SAF
#  Pattern type                                BASIC
#  -------------------------------------------------
#  Fault classes                             #faults
#  ----------------------------  -------------------
#    FU (full)                                534176
#    --------------------------  -------------------
#    UD (undetected)                               0
#    PT (possibly testable)                       60
#    AU (atpg untestable)                      10163
#    RE (redundant)                                0
#    AB (atpg abort)                           47031
#    TI (tied)                                     0
#    --------------------------  -------------------
#    DT (detected)                            476922
#  -------------------------------------------------
#  Coverage                               percentage
#    --------------------------  -------------------
#    test coverage                            91.02%
#    fault coverage                           89.29%
#    atpg effectiveness                       91.18%
#  -------------------------------------------------
#  #Patterns                                    3468
#  Ave.Spec-rate                              6.772%
#  Max.Spec-rate                              32.31%
#  -------------------------------------------------
#  ATPG runtime                          6.353e+04 s
#  -------------------------------------------------
