#                 Statistics Report
#  Circuit name                                b19_1
#  Fault model                                   SAF
#  Pattern type                                BASIC
#  -------------------------------------------------
#  Fault classes                             #faults
#  ----------------------------  -------------------
#    FU (full)                                534176
#    --------------------------  -------------------
#    UD (undetected)                               0
#    PT (possibly testable)                       38
#    AU (atpg untestable)                       6886
#    RE (redundant)                                0
#    AB (atpg abort)                           55893
#    TI (tied)                                     0
#    --------------------------  -------------------
#    DT (detected)                            471359
#  -------------------------------------------------
#  Coverage                               percentage
#    --------------------------  -------------------
#    test coverage                             89.4%
#    fault coverage                           88.25%
#    atpg effectiveness                       89.53%
#  -------------------------------------------------
#  #Patterns                                   25461
#  Ave.Spec-rate                             0.4953%
#  Max.Spec-rate                              1.665%
#  -------------------------------------------------
#  ATPG runtime                          4.513e+04 s
#  -------------------------------------------------
