#                 Statistics Report
#  Circuit name                                 b20s
#  Fault model                                   SAF
#  Pattern type                                BASIC
#  -------------------------------------------------
#  Fault classes                             #faults
#  ----------------------------  -------------------
#    FU (full)                                 27316
#    --------------------------  -------------------
#    UD (undetected)                               0
#    PT (possibly testable)                        2
#    AU (atpg untestable)                         54
#    RE (redundant)                                0
#    AB (atpg abort)                            1610
#    TI (tied)                                     0
#    DH (hard-but-detected)                        0
#    --------------------------  -------------------
#    DT (detected)                             25650
#  -------------------------------------------------
#  Coverage                               percentage
#    --------------------------  -------------------
#    test coverage                            94.09%
#    fault coverage                           93.91%
#    atpg effectiveness                        94.1%
#  -------------------------------------------------
#  #Patterns                                     695
#  Ave.Spec-rate                              17.13%
#  Max.Spec-rate                              60.73%
#  -------------------------------------------------
#  ATPG runtime                              672.9 s
#  -------------------------------------------------
