#                 Statistics Report
#  Circuit name                                 b20s
#  Fault model                                   SAF
#  Pattern type                                BASIC
#  -------------------------------------------------
#  Fault classes                             #faults
#  ----------------------------  -------------------
#    FU (full)                                 58670
#    --------------------------  -------------------
#    UD (undetected)                               0
#    PT (possibly testable)                        0
#    AU (atpg untestable)                         48
#    RE (redundant)                                0
#    AB (atpg abort)                            1748
#    TI (tied)                                     0
#    DH (hard-but-detected)                     2913
#    --------------------------  -------------------
#    DT (detected)                             56874
#  -------------------------------------------------
#  Coverage                               percentage
#    --------------------------  -------------------
#    test coverage                            97.02%
#    fault coverage                           96.94%
#    atpg effectiveness                       97.02%
#  -------------------------------------------------
#  #Patterns                                     706
#  #Patterns Norm.                               618
#  Ave.Spec-rate                              19.32%
#  Max.Spec-rate                              85.82%
#  -------------------------------------------------
#  ATPG runtime                                356 s
#  -------------------------------------------------
