#                 Statistics Report
#  Circuit name                                 b21s
#  Fault model                                   SAF
#  Pattern type                                BASIC
#  -------------------------------------------------
#  Fault classes                             #faults
#  ----------------------------  -------------------
#    FU (full)                                 61096
#    --------------------------  -------------------
#    UD (undetected)                               0
#    PT (possibly testable)                        0
#    AU (atpg untestable)                         56
#    RE (redundant)                                0
#    AB (atpg abort)                            1413
#    TI (tied)                                     0
#    DH (hard-but-detected)                     2968
#    --------------------------  -------------------
#    DT (detected)                             59627
#  -------------------------------------------------
#  Coverage                               percentage
#    --------------------------  -------------------
#    test coverage                            97.69%
#    fault coverage                            97.6%
#    atpg effectiveness                       97.69%
#  -------------------------------------------------
#  #Patterns                                     704
#  #Patterns Norm.                               704
#  Ave.Spec-rate                              18.38%
#  Max.Spec-rate                              81.61%
#  -------------------------------------------------
#  ATPG runtime                              448.2 s
#  -------------------------------------------------
