#                 Statistics Report
#  Circuit name                                 b21s
#  Fault model                                   SAF
#  Pattern type                                BASIC
#  -------------------------------------------------
#  Fault classes                             #faults
#  ----------------------------  -------------------
#    FU (full)                                 28564
#    --------------------------  -------------------
#    UD (undetected)                               0
#    PT (possibly testable)                        0
#    AU (atpg untestable)                        190
#    RE (redundant)                                0
#    AB (atpg abort)                            1310
#    TI (tied)                                     0
#    --------------------------  -------------------
#    DT (detected)                             27064
#  -------------------------------------------------
#  Coverage                               percentage
#    --------------------------  -------------------
#    test coverage                            95.38%
#    fault coverage                           94.75%
#    atpg effectiveness                       95.41%
#  -------------------------------------------------
#  #Patterns                                    1138
#  Ave.Spec-rate                              10.45%
#  Max.Spec-rate                              31.42%
#  -------------------------------------------------
#  ATPG runtime                              17.81 s
#  -------------------------------------------------
