#                 Statistics Report
#  Circuit name                                 b21s
#  Fault model                                   SAF
#  Pattern type                                BASIC
#  -------------------------------------------------
#  Fault classes                             #faults
#  ----------------------------  -------------------
#    FU (full)                                 28564
#    --------------------------  -------------------
#    UD (undetected)                               0
#    PT (possibly testable)                        0
#    AU (atpg untestable)                         48
#    RE (redundant)                                0
#    AB (atpg abort)                            1075
#    TI (tied)                                     0
#    DH (hard-but-detected)                     1569
#    --------------------------  -------------------
#    DT (detected)                             27441
#  -------------------------------------------------
#  Coverage                               percentage
#    --------------------------  -------------------
#    test coverage                            96.23%
#    fault coverage                           96.07%
#    atpg effectiveness                       96.24%
#  -------------------------------------------------
#  #Patterns                                     652
#  Ave.Spec-rate                              20.44%
#  Max.Spec-rate                              61.88%
#  -------------------------------------------------
#  ATPG runtime                              120.4 s
#  -------------------------------------------------
