#                 Statistics Report
#  Circuit name                                 b22s
#  Fault model                                   SAF
#  Pattern type                                BASIC
#  -------------------------------------------------
#  Fault classes                             #faults
#  ----------------------------  -------------------
#    FU (full)                                 43336
#    --------------------------  -------------------
#    UD (undetected)                               0
#    PT (possibly testable)                        0
#    AU (atpg untestable)                         13
#    RE (redundant)                                0
#    AB (atpg abort)                            2401
#    TI (tied)                                     0
#    --------------------------  -------------------
#    DT (detected)                             40922
#  -------------------------------------------------
#  Coverage                               percentage
#    --------------------------  -------------------
#    test coverage                            94.46%
#    fault coverage                           94.43%
#    atpg effectiveness                       94.46%
#  -------------------------------------------------
#  #Patterns                                    1661
#  -------------------------------------------------
#  ATPG runtime                              66.27 s
#  -------------------------------------------------
