#                 Statistics Report
#  Circuit name                                 b22s
#  Fault model                                   SAF
#  Pattern type                                BASIC
#  -------------------------------------------------
#  Fault classes                             #faults
#  ----------------------------  -------------------
#    FU (full)                                 93620
#    --------------------------  -------------------
#    UD (undetected)                               0
#    PT (possibly testable)                        0
#    AU (atpg untestable)                         76
#    RE (redundant)                                0
#    AB (atpg abort)                            2319
#    TI (tied)                                     0
#    DH (hard-but-detected)                     4562
#    --------------------------  -------------------
#    DT (detected)                             91225
#  -------------------------------------------------
#  Coverage                               percentage
#    --------------------------  -------------------
#    test coverage                            97.52%
#    fault coverage                           97.44%
#    atpg effectiveness                       97.52%
#  -------------------------------------------------
#  #Patterns                                     796
#  #Patterns Norm.                               746
#  Ave.Spec-rate                              17.65%
#  Max.Spec-rate                               75.1%
#  -------------------------------------------------
#  ATPG runtime                               4105 s
#  -------------------------------------------------
