#                 Statistics Report
#  Circuit name                                 b22s
#  Fault model                                   SAF
#  Pattern type                                BASIC
#  -------------------------------------------------
#  Fault classes                             #faults
#  ----------------------------  -------------------
#    FU (full)                                 93620
#    --------------------------  -------------------
#    UD (undetected)                               0
#    PT (possibly testable)                        0
#    AU (atpg untestable)                         76
#    RE (redundant)                                0
#    AB (atpg abort)                            2332
#    TI (tied)                                     0
#    DH (hard-but-detected)                     4407
#    --------------------------  -------------------
#    DT (detected)                             91212
#  -------------------------------------------------
#  Coverage                               percentage
#    --------------------------  -------------------
#    test coverage                            97.51%
#    fault coverage                           97.43%
#    atpg effectiveness                       97.51%
#  -------------------------------------------------
#  #Patterns                                     771
#  #Patterns Norm.                               723
#  Ave.Spec-rate                              16.39%
#  Max.Spec-rate                               75.1%
#  -------------------------------------------------
#  ATPG runtime                               1008 s
#  -------------------------------------------------
