#                 Statistics Report
#  Circuit name                                c1355
#  Fault model                                   SAF
#  Pattern type                                  LOC
#  -------------------------------------------------
#  Fault classes                             #faults
#  ----------------------------  -------------------
#    FU (full)                                  1618
#    --------------------------  -------------------
#    UD (undetected)                               0
#    PT (possibly testable)                        0
#    AU (atpg untestable)                          0
#    RE (redundant)                                0
#    AB (atpg abort)                               8
#    TI (tied)                                     0
#    DH (hard-but-detected)                       57
#    --------------------------  -------------------
#    DT (detected)                              1610
#  -------------------------------------------------
#  Coverage                               percentage
#    --------------------------  -------------------
#    test coverage                            99.51%
#    fault coverage                           99.51%
#    atpg effectiveness                       99.51%
#  -------------------------------------------------
#  #Patterns                                     101
#  Ave.Spec-rate                               99.7%
#  Max.Spec-rate                                100%
#  -------------------------------------------------
#  ATPG runtime                             0.7135 s
#  -------------------------------------------------
