#                 Statistics Report
#  Circuit name                                c1355
#  Fault model                                   SAF
#  Pattern type                                  LOC
#  -------------------------------------------------
#  Fault classes                             #faults
#  ----------------------------  -------------------
#    FU (full)                                  3398
#    --------------------------  -------------------
#    UD (undetected)                               0
#    PT (possibly testable)                        0
#    AU (atpg untestable)                          0
#    RE (redundant)                                0
#    AB (atpg abort)                             112
#    TI (tied)                                     0
#    DH (hard-but-detected)                     3286
#    --------------------------  -------------------
#    DT (detected)                              3286
#  -------------------------------------------------
#  Coverage                               percentage
#    --------------------------  -------------------
#    test coverage                             96.7%
#    fault coverage                            96.7%
#    atpg effectiveness                        96.7%
#  -------------------------------------------------
#  #Patterns                                     134
#  #Patterns Norm.                               134
#  Ave.Spec-rate                              78.27%
#  Max.Spec-rate                                100%
#  -------------------------------------------------
#  ATPG runtime                              103.6 s
#  -------------------------------------------------
