#                 Statistics Report
#  Circuit name                                c1355
#  Fault model                                   SAF
#  Pattern type                                  LOC
#  -------------------------------------------------
#  Fault classes                             #faults
#  ----------------------------  -------------------
#    FU (full)                                  1618
#    --------------------------  -------------------
#    UD (undetected)                               0
#    PT (possibly testable)                        0
#    AU (atpg untestable)                        197
#    RE (redundant)                                0
#    AB (atpg abort)                               0
#    TI (tied)                                     0
#    --------------------------  -------------------
#    DT (detected)                              1421
#  -------------------------------------------------
#  Coverage                               percentage
#    --------------------------  -------------------
#    test coverage                              100%
#    fault coverage                           87.82%
#    atpg effectiveness                         100%
#  -------------------------------------------------
#  #Patterns                                      78
#  -------------------------------------------------
#  ATPG runtime                             0.2553 s
#  -------------------------------------------------
