#                 Statistics Report
#  Circuit name                                  c17
#  Fault model                                   SAF
#  Pattern type                                  LOC
#  -------------------------------------------------
#  Fault classes                             #faults
#  ----------------------------  -------------------
#    FU (full)                                    22
#    --------------------------  -------------------
#    UD (undetected)                               0
#    PT (possibly testable)                        0
#    AU (atpg untestable)                          1
#    RE (redundant)                                0
#    AB (atpg abort)                               0
#    TI (tied)                                     0
#    --------------------------  -------------------
#    DT (detected)                                21
#  -------------------------------------------------
#  Coverage                               percentage
#    --------------------------  -------------------
#    test coverage                              100%
#    fault coverage                           95.45%
#    atpg effectiveness                         100%
#  -------------------------------------------------
#  #Patterns                                       7
#  -------------------------------------------------
#  ATPG runtime                           0.000459 s
#  -------------------------------------------------
