#                 Statistics Report
#  Circuit name                                  c17
#  Fault model                                   SAF
#  Pattern type                                  LOC
#  -------------------------------------------------
#  Fault classes                             #faults
#  ----------------------------  -------------------
#    FU (full)                                    50
#    --------------------------  -------------------
#    UD (undetected)                               0
#    PT (possibly testable)                        0
#    AU (atpg untestable)                          0
#    RE (redundant)                                0
#    AB (atpg abort)                              27
#    TI (tied)                                     0
#    --------------------------  -------------------
#    DT (detected)                                23
#  -------------------------------------------------
#  Coverage                               percentage
#    --------------------------  -------------------
#    test coverage                               46%
#    fault coverage                              46%
#    atpg effectiveness                          46%
#  -------------------------------------------------
#  #Patterns                                       3
#  -------------------------------------------------
#  ATPG runtime                           0.000204 s
#  -------------------------------------------------
