#                 Statistics Report
#  Circuit name                                 c432
#  Fault model                                   SAF
#  Pattern type                                  LOC
#  -------------------------------------------------
#  Fault classes                             #faults
#  ----------------------------  -------------------
#    FU (full)                                  1338
#    --------------------------  -------------------
#    UD (undetected)                               0
#    PT (possibly testable)                        0
#    AU (atpg untestable)                         25
#    RE (redundant)                                0
#    AB (atpg abort)                              61
#    TI (tied)                                     0
#    DH (hard-but-detected)                      252
#    --------------------------  -------------------
#    DT (detected)                              1252
#  -------------------------------------------------
#  Coverage                               percentage
#    --------------------------  -------------------
#    test coverage                            95.35%
#    fault coverage                           93.57%
#    atpg effectiveness                       95.44%
#  -------------------------------------------------
#  #Patterns                                      61
#  #Patterns Norm.                                61
#  Ave.Spec-rate                               41.2%
#  Max.Spec-rate                                100%
#  -------------------------------------------------
#  ATPG runtime                              11.03 s
#  -------------------------------------------------
