#                 Statistics Report
#  Circuit name                                 c432
#  Fault model                                   SAF
#  Pattern type                                  LOC
#  -------------------------------------------------
#  Fault classes                             #faults
#  ----------------------------  -------------------
#    FU (full)                                  1338
#    --------------------------  -------------------
#    UD (undetected)                               0
#    PT (possibly testable)                        0
#    AU (atpg untestable)                         25
#    RE (redundant)                                0
#    AB (atpg abort)                              88
#    TI (tied)                                     0
#    DH (hard-but-detected)                      249
#    --------------------------  -------------------
#    DT (detected)                              1225
#  -------------------------------------------------
#  Coverage                               percentage
#    --------------------------  -------------------
#    test coverage                             93.3%
#    fault coverage                           91.55%
#    atpg effectiveness                       93.42%
#  -------------------------------------------------
#  #Patterns                                      65
#  #Patterns Norm.                                65
#  Ave.Spec-rate                              40.24%
#  Max.Spec-rate                                100%
#  -------------------------------------------------
#  ATPG runtime                              14.65 s
#  -------------------------------------------------
