#                 Statistics Report
#  Circuit name                                 c432
#  Fault model                                   SAF
#  Pattern type                                  LOC
#  -------------------------------------------------
#  Fault classes                             #faults
#  ----------------------------  -------------------
#    FU (full)                                  1338
#    --------------------------  -------------------
#    UD (undetected)                               0
#    PT (possibly testable)                        0
#    AU (atpg untestable)                         72
#    RE (redundant)                                0
#    AB (atpg abort)                              13
#    TI (tied)                                     0
#    DH (hard-but-detected)                      215
#    --------------------------  -------------------
#    DT (detected)                              1253
#  -------------------------------------------------
#  Coverage                               percentage
#    --------------------------  -------------------
#    test coverage                            98.97%
#    fault coverage                           93.65%
#    atpg effectiveness                       99.03%
#  -------------------------------------------------
#  #Patterns                                      66
#  #Patterns Norm.                                66
#  Ave.Spec-rate                              43.41%
#  Max.Spec-rate                                100%
#  -------------------------------------------------
#  ATPG runtime                              7.504 s
#  -------------------------------------------------
