#                 Statistics Report
#  Circuit name                                 c499
#  Fault model                                   SAF
#  Pattern type                                  LOC
#  -------------------------------------------------
#  Fault classes                             #faults
#  ----------------------------  -------------------
#    FU (full)                                  2646
#    --------------------------  -------------------
#    UD (undetected)                               0
#    PT (possibly testable)                        0
#    AU (atpg untestable)                          0
#    RE (redundant)                                0
#    AB (atpg abort)                               0
#    TI (tied)                                     0
#    DH (hard-but-detected)                     1517
#    --------------------------  -------------------
#    DT (detected)                              2638
#  -------------------------------------------------
#  Coverage                               percentage
#    --------------------------  -------------------
#    test coverage                              100%
#    fault coverage                            99.7%
#    atpg effectiveness                        99.7%
#  -------------------------------------------------
#  #Patterns                                     112
#  #Patterns Norm.                               112
#  Ave.Spec-rate                              132.1%
#  Max.Spec-rate                                100%
#  -------------------------------------------------
#  ATPG runtime                              92.31 s
#  -------------------------------------------------
