#                 Statistics Report
#  Circuit name                                 c499
#  Fault model                                   SAF
#  Pattern type                                  LOC
#  -------------------------------------------------
#  Fault classes                             #faults
#  ----------------------------  -------------------
#    FU (full)                                  2646
#    --------------------------  -------------------
#    UD (undetected)                               0
#    PT (possibly testable)                        0
#    AU (atpg untestable)                          0
#    RE (redundant)                                0
#    AB (atpg abort)                             155
#    TI (tied)                                     0
#    DH (hard-but-detected)                     1370
#    --------------------------  -------------------
#    DT (detected)                              2491
#  -------------------------------------------------
#  Coverage                               percentage
#    --------------------------  -------------------
#    test coverage                            94.14%
#    fault coverage                           94.14%
#    atpg effectiveness                       94.14%
#  -------------------------------------------------
#  #Patterns                                      89
#  #Patterns Norm.                                89
#  Ave.Spec-rate                              98.55%
#  Max.Spec-rate                                100%
#  -------------------------------------------------
#  ATPG runtime                              91.67 s
#  -------------------------------------------------
