#                 Statistics Report
#  Circuit name                                 c499
#  Fault model                                   SAF
#  Pattern type                                  LOC
#  -------------------------------------------------
#  Fault classes                             #faults
#  ----------------------------  -------------------
#    FU (full)                                  2646
#    --------------------------  -------------------
#    UD (undetected)                               0
#    PT (possibly testable)                        0
#    AU (atpg untestable)                          0
#    RE (redundant)                                0
#    AB (atpg abort)                             115
#    TI (tied)                                     0
#    DH (hard-but-detected)                      571
#    --------------------------  -------------------
#    DT (detected)                              2531
#  -------------------------------------------------
#  Coverage                               percentage
#    --------------------------  -------------------
#    test coverage                            95.65%
#    fault coverage                           95.65%
#    atpg effectiveness                       95.65%
#  -------------------------------------------------
#  #Patterns                                      90
#  #Patterns Norm.                                90
#  Ave.Spec-rate                                100%
#  Max.Spec-rate                                100%
#  -------------------------------------------------
#  ATPG runtime                              68.97 s
#  -------------------------------------------------
