#                 Statistics Report
#  Circuit name                                c5315
#  Fault model                                   SAF
#  Pattern type                                  LOC
#  -------------------------------------------------
#  Fault classes                             #faults
#  ----------------------------  -------------------
#    FU (full)                                 14080
#    --------------------------  -------------------
#    UD (undetected)                               0
#    PT (possibly testable)                        0
#    AU (atpg untestable)                         57
#    RE (redundant)                                0
#    AB (atpg abort)                              30
#    TI (tied)                                     0
#    DH (hard-but-detected)                      583
#    --------------------------  -------------------
#    DT (detected)                             13993
#  -------------------------------------------------
#  Coverage                               percentage
#    --------------------------  -------------------
#    test coverage                            99.79%
#    fault coverage                           99.38%
#    atpg effectiveness                       99.79%
#  -------------------------------------------------
#  #Patterns                                     327
#  #Patterns Norm.                               327
#  Ave.Spec-rate                              8.726%
#  Max.Spec-rate                               26.4%
#  -------------------------------------------------
#  ATPG runtime                              23.04 s
#  -------------------------------------------------
