#                 Statistics Report
#  Circuit name                                c5315
#  Fault model                                   SAF
#  Pattern type                                  LOC
#  -------------------------------------------------
#  Fault classes                             #faults
#  ----------------------------  -------------------
#    FU (full)                                  6016
#    --------------------------  -------------------
#    UD (undetected)                               0
#    PT (possibly testable)                        4
#    AU (atpg untestable)                         56
#    RE (redundant)                                0
#    AB (atpg abort)                              37
#    TI (tied)                                     0
#    DH (hard-but-detected)                       28
#    --------------------------  -------------------
#    DT (detected)                              5919
#  -------------------------------------------------
#  Coverage                               percentage
#    --------------------------  -------------------
#    test coverage                            99.38%
#    fault coverage                           98.45%
#    atpg effectiveness                       99.32%
#  -------------------------------------------------
#  #Patterns                                     249
#  Ave.Spec-rate                              14.61%
#  Max.Spec-rate                              17.98%
#  -------------------------------------------------
#  ATPG runtime                              5.825 s
#  -------------------------------------------------
