#                 Statistics Report
#  Circuit name                                c5315
#  Fault model                                   SAF
#  Pattern type                                  LOC
#  -------------------------------------------------
#  Fault classes                             #faults
#  ----------------------------  -------------------
#    FU (full)                                  6016
#    --------------------------  -------------------
#    UD (undetected)                               0
#    PT (possibly testable)                        0
#    AU (atpg untestable)                        535
#    RE (redundant)                                0
#    AB (atpg abort)                              17
#    TI (tied)                                     0
#    --------------------------  -------------------
#    DT (detected)                              5464
#  -------------------------------------------------
#  Coverage                               percentage
#    --------------------------  -------------------
#    test coverage                            99.69%
#    fault coverage                           90.82%
#    atpg effectiveness                       99.72%
#  -------------------------------------------------
#  #Patterns                                     186
#  -------------------------------------------------
#  ATPG runtime                              3.563 s
#  -------------------------------------------------
