#                 Statistics Report
#  Circuit name                                c6288
#  Fault model                                   SAF
#  Pattern type                                  LOC
#  -------------------------------------------------
#  Fault classes                             #faults
#  ----------------------------  -------------------
#    FU (full)                                 14560
#    --------------------------  -------------------
#    UD (undetected)                               0
#    PT (possibly testable)                       64
#    AU (atpg untestable)                         80
#    RE (redundant)                                0
#    AB (atpg abort)                               7
#    TI (tied)                                     0
#    --------------------------  -------------------
#    DT (detected)                             14409
#  -------------------------------------------------
#  Coverage                               percentage
#    --------------------------  -------------------
#    test coverage                            99.51%
#    fault coverage                           98.96%
#    atpg effectiveness                       99.51%
#  -------------------------------------------------
#  #Patterns                                     527
#  -------------------------------------------------
#  ATPG runtime                              3.967 s
#  -------------------------------------------------
