#                 Statistics Report
#  Circuit name                                c6288
#  Fault model                                   SAF
#  Pattern type                                  LOC
#  -------------------------------------------------
#  Fault classes                             #faults
#  ----------------------------  -------------------
#    FU (full)                                 14560
#    --------------------------  -------------------
#    UD (undetected)                               0
#    PT (possibly testable)                        0
#    AU (atpg untestable)                         80
#    RE (redundant)                                0
#    AB (atpg abort)                              23
#    TI (tied)                                     0
#    DH (hard-but-detected)                       69
#    --------------------------  -------------------
#    DT (detected)                             14457
#  -------------------------------------------------
#  Coverage                               percentage
#    --------------------------  -------------------
#    test coverage                            99.84%
#    fault coverage                           99.29%
#    atpg effectiveness                       99.84%
#  -------------------------------------------------
#  #Patterns                                      30
#  #Patterns Norm.                                30
#  Ave.Spec-rate                              71.88%
#  Max.Spec-rate                                100%
#  -------------------------------------------------
#  ATPG runtime                              14.77 s
#  -------------------------------------------------
