#                 Statistics Report
#  Circuit name                                c6288
#  Fault model                                   SAF
#  Pattern type                                  LOC
#  -------------------------------------------------
#  Fault classes                             #faults
#  ----------------------------  -------------------
#    FU (full)                                  7744
#    --------------------------  -------------------
#    UD (undetected)                               0
#    PT (possibly testable)                        0
#    AU (atpg untestable)                         61
#    RE (redundant)                                0
#    AB (atpg abort)                               0
#    TI (tied)                                     0
#    --------------------------  -------------------
#    DT (detected)                              7683
#  -------------------------------------------------
#  Coverage                               percentage
#    --------------------------  -------------------
#    test coverage                              100%
#    fault coverage                           99.21%
#    atpg effectiveness                         100%
#  -------------------------------------------------
#  #Patterns                                      53
#  -------------------------------------------------
#  ATPG runtime                              1.422 s
#  -------------------------------------------------
