#                 Statistics Report
#  Circuit name                                c880a
#  Fault model                                   SAF
#  Pattern type                                  LOC
#  -------------------------------------------------
#  Fault classes                             #faults
#  ----------------------------  -------------------
#    FU (full)                                   994
#    --------------------------  -------------------
#    UD (undetected)                               0
#    PT (possibly testable)                        0
#    AU (atpg untestable)                          0
#    RE (redundant)                                0
#    AB (atpg abort)                               3
#    TI (tied)                                     0
#    DH (hard-but-detected)                      111
#    --------------------------  -------------------
#    DT (detected)                               991
#  -------------------------------------------------
#  Coverage                               percentage
#    --------------------------  -------------------
#    test coverage                             99.7%
#    fault coverage                            99.7%
#    atpg effectiveness                        99.7%
#  -------------------------------------------------
#  #Patterns                                      99
#  Ave.Spec-rate                              22.92%
#  Max.Spec-rate                                 75%
#  -------------------------------------------------
#  ATPG runtime                              7.013 s
#  -------------------------------------------------
