#                 Statistics Report
#  Circuit name                                c880a
#  Fault model                                   SAF
#  Pattern type                                  LOC
#  -------------------------------------------------
#  Fault classes                             #faults
#  ----------------------------  -------------------
#    FU (full)                                  2396
#    --------------------------  -------------------
#    UD (undetected)                               0
#    PT (possibly testable)                        0
#    AU (atpg untestable)                          0
#    RE (redundant)                                0
#    AB (atpg abort)                              64
#    TI (tied)                                     0
#    DH (hard-but-detected)                      126
#    --------------------------  -------------------
#    DT (detected)                              2332
#  -------------------------------------------------
#  Coverage                               percentage
#    --------------------------  -------------------
#    test coverage                            97.33%
#    fault coverage                           97.33%
#    atpg effectiveness                       97.33%
#  -------------------------------------------------
#  #Patterns                                      65
#  #Patterns Norm.                                65
#  Ave.Spec-rate                              25.49%
#  Max.Spec-rate                              63.33%
#  -------------------------------------------------
#  ATPG runtime                              3.246 s
#  -------------------------------------------------
