#                 Statistics Report
#  Circuit name                                c880a
#  Fault model                                   SAF
#  Pattern type                                  LOC
#  -------------------------------------------------
#  Fault classes                             #faults
#  ----------------------------  -------------------
#    FU (full)                                  2396
#    --------------------------  -------------------
#    UD (undetected)                               0
#    PT (possibly testable)                        0
#    AU (atpg untestable)                          0
#    RE (redundant)                                0
#    AB (atpg abort)                              10
#    TI (tied)                                     0
#    DH (hard-but-detected)                       98
#    --------------------------  -------------------
#    DT (detected)                              2386
#  -------------------------------------------------
#  Coverage                               percentage
#    --------------------------  -------------------
#    test coverage                            99.58%
#    fault coverage                           99.58%
#    atpg effectiveness                       99.58%
#  -------------------------------------------------
#  #Patterns                                      67
#  #Patterns Norm.                                67
#  Ave.Spec-rate                              32.41%
#  Max.Spec-rate                                 70%
#  -------------------------------------------------
#  ATPG runtime                              1.197 s
#  -------------------------------------------------
