#                 Statistics Report
#  Circuit name                              mtx_top
#  Fault model                                   SAF
#  Pattern type                                BASIC
#  -------------------------------------------------
#  Fault classes                             #faults
#  ----------------------------  -------------------
#    FU (full)                                111892
#    --------------------------  -------------------
#    UD (undetected)                               0
#    PT (possibly testable)                        2
#    AU (atpg untestable)                        199
#    RE (redundant)                                0
#    AB (atpg abort)                              43
#    TI (tied)                                     0
#    --------------------------  -------------------
#    DT (detected)                            111648
#  -------------------------------------------------
#  Coverage                               percentage
#    --------------------------  -------------------
#    test coverage                            99.96%
#    fault coverage                           99.78%
#    atpg effectiveness                       99.96%
#  -------------------------------------------------
#  #Patterns                                     341
#  Ave.Spec-rate                              13.67%
#  Max.Spec-rate                              64.49%
#  -------------------------------------------------
#  ATPG runtime                              264.1 s
#  -------------------------------------------------
