#                 Statistics Report
#  Circuit name                              mtx_top
#  Fault model                                   SAF
#  Pattern type                                BASIC
#  -------------------------------------------------
#  Fault classes                             #faults
#  ----------------------------  -------------------
#    FU (full)                                111892
#    --------------------------  -------------------
#    UD (undetected)                               0
#    PT (possibly testable)                        0
#    AU (atpg untestable)                        183
#    RE (redundant)                                0
#    AB (atpg abort)                              40
#    TI (tied)                                     0
#    --------------------------  -------------------
#    DT (detected)                            111669
#  -------------------------------------------------
#  Coverage                               percentage
#    --------------------------  -------------------
#    test coverage                            99.96%
#    fault coverage                            99.8%
#    atpg effectiveness                       99.96%
#  -------------------------------------------------
#  #Patterns                                    1990
#  Ave.Spec-rate                              1.244%
#  Max.Spec-rate                              3.066%
#  -------------------------------------------------
#  ATPG runtime                              29.48 s
#  -------------------------------------------------
