#                 Statistics Report
#  Circuit name                                s1238
#  Fault model                                   SAF
#  Pattern type                                  LOC
#  -------------------------------------------------
#  Fault classes                             #faults
#  ----------------------------  -------------------
#    FU (full)                                  1460
#    --------------------------  -------------------
#    UD (undetected)                               0
#    PT (possibly testable)                        0
#    AU (atpg untestable)                         61
#    RE (redundant)                                0
#    AB (atpg abort)                              10
#    TI (tied)                                     0
#    --------------------------  -------------------
#    DT (detected)                              1389
#  -------------------------------------------------
#  Coverage                               percentage
#    --------------------------  -------------------
#    test coverage                            99.29%
#    fault coverage                           95.14%
#    atpg effectiveness                       99.32%
#  -------------------------------------------------
#  #Patterns                                     195
#  -------------------------------------------------
#  ATPG runtime                             0.4803 s
#  -------------------------------------------------
