#                 Statistics Report
#  Circuit name                                s1238
#  Fault model                                   SAF
#  Pattern type                                  LOC
#  -------------------------------------------------
#  Fault classes                             #faults
#  ----------------------------  -------------------
#    FU (full)                                  3226
#    --------------------------  -------------------
#    UD (undetected)                               0
#    PT (possibly testable)                        0
#    AU (atpg untestable)                         72
#    RE (redundant)                                0
#    AB (atpg abort)                              16
#    TI (tied)                                     0
#    DH (hard-but-detected)                     3138
#    --------------------------  -------------------
#    DT (detected)                              3138
#  -------------------------------------------------
#  Coverage                               percentage
#    --------------------------  -------------------
#    test coverage                            99.49%
#    fault coverage                           97.27%
#    atpg effectiveness                        99.5%
#  -------------------------------------------------
#  #Patterns                                     193
#  #Patterns Norm.                               193
#  Ave.Spec-rate                              43.38%
#  Max.Spec-rate                              71.88%
#  -------------------------------------------------
#  ATPG runtime                              4.229 s
#  -------------------------------------------------
