#                 Statistics Report
#  Circuit name                               s15850
#  Fault model                                   SAF
#  Pattern type                                  LOC
#  -------------------------------------------------
#  Fault classes                             #faults
#  ----------------------------  -------------------
#    FU (full)                                 49424
#    --------------------------  -------------------
#    UD (undetected)                               0
#    PT (possibly testable)                        0
#    AU (atpg untestable)                        883
#    RE (redundant)                                0
#    AB (atpg abort)                             230
#    TI (tied)                                     0
#    DH (hard-but-detected)                      731
#    --------------------------  -------------------
#    DT (detected)                             48311
#  -------------------------------------------------
#  Coverage                               percentage
#    --------------------------  -------------------
#    test coverage                            99.53%
#    fault coverage                           97.75%
#    atpg effectiveness                       99.53%
#  -------------------------------------------------
#  #Patterns                                     218
#  #Patterns Norm.                               218
#  Ave.Spec-rate                              14.25%
#  Max.Spec-rate                              95.25%
#  -------------------------------------------------
#  ATPG runtime                              42.56 s
#  -------------------------------------------------
