#                 Statistics Report
#  Circuit name                               s15850
#  Fault model                                   SAF
#  Pattern type                                  LOC
#  -------------------------------------------------
#  Fault classes                             #faults
#  ----------------------------  -------------------
#    FU (full)                                 49424
#    --------------------------  -------------------
#    UD (undetected)                               0
#    PT (possibly testable)                        0
#    AU (atpg untestable)                        412
#    RE (redundant)                                0
#    AB (atpg abort)                            1027
#    TI (tied)                                     0
#    DH (hard-but-detected)                      840
#    --------------------------  -------------------
#    DT (detected)                             47985
#  -------------------------------------------------
#  Coverage                               percentage
#    --------------------------  -------------------
#    test coverage                             97.9%
#    fault coverage                           97.09%
#    atpg effectiveness                       97.92%
#  -------------------------------------------------
#  #Patterns                                     168
#  #Patterns Norm.                               168
#  Ave.Spec-rate                              16.27%
#  Max.Spec-rate                              95.25%
#  -------------------------------------------------
#  ATPG runtime                              617.2 s
#  -------------------------------------------------
