#                 Statistics Report
#  Circuit name                                 s208
#  Fault model                                   SAF
#  Pattern type                                  LOC
#  -------------------------------------------------
#  Fault classes                             #faults
#  ----------------------------  -------------------
#    FU (full)                                   224
#    --------------------------  -------------------
#    UD (undetected)                               0
#    PT (possibly testable)                       13
#    AU (atpg untestable)                         19
#    RE (redundant)                                0
#    AB (atpg abort)                               0
#    TI (tied)                                     0
#    --------------------------  -------------------
#    DT (detected)                               192
#  -------------------------------------------------
#  Coverage                               percentage
#    --------------------------  -------------------
#    test coverage                            93.66%
#    fault coverage                           85.71%
#    atpg effectiveness                        94.2%
#  -------------------------------------------------
#  #Patterns                                      40
#  -------------------------------------------------
#  ATPG runtime                           0.009005 s
#  -------------------------------------------------
