#                 Statistics Report
#  Circuit name                                 s208
#  Fault model                                   SAF
#  Pattern type                                  LOC
#  -------------------------------------------------
#  Fault classes                             #faults
#  ----------------------------  -------------------
#    FU (full)                                   224
#    --------------------------  -------------------
#    UD (undetected)                               0
#    PT (possibly testable)                        6
#    AU (atpg untestable)                         17
#    RE (redundant)                                0
#    AB (atpg abort)                               0
#    TI (tied)                                     0
#    --------------------------  -------------------
#    DT (detected)                               201
#  -------------------------------------------------
#  Coverage                               percentage
#    --------------------------  -------------------
#    test coverage                             97.1%
#    fault coverage                           89.73%
#    atpg effectiveness                       97.32%
#  -------------------------------------------------
#  #Patterns                                      38
#  -------------------------------------------------
#  ATPG runtime                           0.003266 s
#  -------------------------------------------------
