#                 Statistics Report
#  Circuit name                                  s27
#  Fault model                                   SAF
#  Pattern type                                  LOC
#  -------------------------------------------------
#  Fault classes                             #faults
#  ----------------------------  -------------------
#    FU (full)                                    78
#    --------------------------  -------------------
#    UD (undetected)                               0
#    PT (possibly testable)                        0
#    AU (atpg untestable)                          0
#    RE (redundant)                                0
#    AB (atpg abort)                              43
#    TI (tied)                                     0
#    --------------------------  -------------------
#    DT (detected)                                35
#  -------------------------------------------------
#  Coverage                               percentage
#    --------------------------  -------------------
#    test coverage                            44.87%
#    fault coverage                           44.87%
#    atpg effectiveness                       44.87%
#  -------------------------------------------------
#  #Patterns                                       4
#  -------------------------------------------------
#  ATPG runtime                           0.000226 s
#  -------------------------------------------------
