#                 Statistics Report
#  Circuit name                                  s27
#  Fault model                                   SAF
#  Pattern type                                  LOC
#  -------------------------------------------------
#  Fault classes                             #faults
#  ----------------------------  -------------------
#    FU (full)                                    78
#    --------------------------  -------------------
#    UD (undetected)                               0
#    PT (possibly testable)                        7
#    AU (atpg untestable)                          9
#    RE (redundant)                                0
#    AB (atpg abort)                               0
#    TI (tied)                                     0
#    DH (hard-but-detected)                        5
#    --------------------------  -------------------
#    DT (detected)                                62
#  -------------------------------------------------
#  Coverage                               percentage
#    --------------------------  -------------------
#    test coverage                              100%
#    fault coverage                           88.46%
#    atpg effectiveness                       91.03%
#  -------------------------------------------------
#  #Patterns                                       5
#  #Patterns Norm.                                 5
#  Ave.Spec-rate                              74.29%
#  Max.Spec-rate                              85.71%
#  -------------------------------------------------
#  ATPG runtime                           0.001509 s
#  -------------------------------------------------
