#                 Statistics Report
#  Circuit name                                  s27
#  Fault model                                   SAF
#  Pattern type                                  LOC
#  -------------------------------------------------
#  Fault classes                             #faults
#  ----------------------------  -------------------
#    FU (full)                                    78
#    --------------------------  -------------------
#    UD (undetected)                               0
#    PT (possibly testable)                        0
#    AU (atpg untestable)                          0
#    RE (redundant)                                0
#    AB (atpg abort)                               0
#    TI (tied)                                     0
#    DH (hard-but-detected)                        0
#    --------------------------  -------------------
#    DT (detected)                                78
#  -------------------------------------------------
#  Coverage                               percentage
#    --------------------------  -------------------
#    test coverage                              100%
#    fault coverage                             100%
#    atpg effectiveness                         100%
#  -------------------------------------------------
#  #Patterns                                       9
#  Ave.Spec-rate                               -nan%
#  Max.Spec-rate                                  0%
#  -------------------------------------------------
#  ATPG runtime                             0.0009 s
#  -------------------------------------------------
