#                 Statistics Report
#  Circuit name                                 s298
#  Fault model                                   SAF
#  Pattern type                                  LOC
#  -------------------------------------------------
#  Fault classes                             #faults
#  ----------------------------  -------------------
#    FU (full)                                   800
#    --------------------------  -------------------
#    UD (undetected)                               0
#    PT (possibly testable)                        0
#    AU (atpg untestable)                          0
#    RE (redundant)                                0
#    AB (atpg abort)                               0
#    TI (tied)                                     0
#    DH (hard-but-detected)                       48
#    --------------------------  -------------------
#    DT (detected)                               800
#  -------------------------------------------------
#  Coverage                               percentage
#    --------------------------  -------------------
#    test coverage                              100%
#    fault coverage                             100%
#    atpg effectiveness                         100%
#  -------------------------------------------------
#  #Patterns                                      31
#  #Patterns Norm.                                31
#  Ave.Spec-rate                              57.93%
#  Max.Spec-rate                                100%
#  -------------------------------------------------
#  ATPG runtime                             0.1033 s
#  -------------------------------------------------
