#                 Statistics Report
#  Circuit name                                 s298
#  Fault model                                   SAF
#  Pattern type                                  LOC
#  -------------------------------------------------
#  Fault classes                             #faults
#  ----------------------------  -------------------
#    FU (full)                                   800
#    --------------------------  -------------------
#    UD (undetected)                               0
#    PT (possibly testable)                       86
#    AU (atpg untestable)                          9
#    RE (redundant)                                0
#    AB (atpg abort)                               0
#    TI (tied)                                     0
#    DH (hard-but-detected)                       40
#    --------------------------  -------------------
#    DT (detected)                               705
#  -------------------------------------------------
#  Coverage                               percentage
#    --------------------------  -------------------
#    test coverage                              100%
#    fault coverage                           98.88%
#    atpg effectiveness                       89.25%
#  -------------------------------------------------
#  #Patterns                                      28
#  #Patterns Norm.                                28
#  Ave.Spec-rate                              57.31%
#  Max.Spec-rate                                100%
#  -------------------------------------------------
#  ATPG runtime                            0.07173 s
#  -------------------------------------------------
