#                 Statistics Report
#  Circuit name                                 s344
#  Fault model                                   SAF
#  Pattern type                                  LOC
#  -------------------------------------------------
#  Fault classes                             #faults
#  ----------------------------  -------------------
#    FU (full)                                   958
#    --------------------------  -------------------
#    UD (undetected)                               0
#    PT (possibly testable)                      148
#    AU (atpg untestable)                         93
#    RE (redundant)                                0
#    AB (atpg abort)                               0
#    TI (tied)                                     0
#    DH (hard-but-detected)                       10
#    --------------------------  -------------------
#    DT (detected)                               717
#  -------------------------------------------------
#  Coverage                               percentage
#    --------------------------  -------------------
#    test coverage                              100%
#    fault coverage                           90.29%
#    atpg effectiveness                       84.55%
#  -------------------------------------------------
#  #Patterns                                       8
#  #Patterns Norm.                                 8
#  Ave.Spec-rate                               59.9%
#  Max.Spec-rate                              83.33%
#  -------------------------------------------------
#  ATPG runtime                            0.04014 s
#  -------------------------------------------------
