#                 Statistics Report
#  Circuit name                                 s344
#  Fault model                                   SAF
#  Pattern type                                  LOC
#  -------------------------------------------------
#  Fault classes                             #faults
#  ----------------------------  -------------------
#    FU (full)                                   958
#    --------------------------  -------------------
#    UD (undetected)                               0
#    PT (possibly testable)                        0
#    AU (atpg untestable)                          0
#    RE (redundant)                                0
#    AB (atpg abort)                               0
#    TI (tied)                                     0
#    DH (hard-but-detected)                       46
#    --------------------------  -------------------
#    DT (detected)                               958
#  -------------------------------------------------
#  Coverage                               percentage
#    --------------------------  -------------------
#    test coverage                              100%
#    fault coverage                             100%
#    atpg effectiveness                         100%
#  -------------------------------------------------
#  #Patterns                                      20
#  #Patterns Norm.                                20
#  Ave.Spec-rate                               52.4%
#  Max.Spec-rate                                100%
#  -------------------------------------------------
#  ATPG runtime                             0.3201 s
#  -------------------------------------------------
