#                 Statistics Report
#  Circuit name                                 s344
#  Fault model                                   SAF
#  Pattern type                                  LOC
#  -------------------------------------------------
#  Fault classes                             #faults
#  ----------------------------  -------------------
#    FU (full)                                   958
#    --------------------------  -------------------
#    UD (undetected)                               5
#    PT (possibly testable)                        0
#    AU (atpg untestable)                          0
#    RE (redundant)                                0
#    AB (atpg abort)                               2
#    TI (tied)                                     0
#    DH (hard-but-detected)                       41
#    --------------------------  -------------------
#    DT (detected)                               951
#  -------------------------------------------------
#  Coverage                               percentage
#    --------------------------  -------------------
#    test coverage                            99.27%
#    fault coverage                           99.27%
#    atpg effectiveness                       99.27%
#  -------------------------------------------------
#  #Patterns                                      18
#  #Patterns Norm.                                18
#  Ave.Spec-rate                              56.55%
#  Max.Spec-rate                               87.5%
#  -------------------------------------------------
#  ATPG runtime                              0.768 s
#  -------------------------------------------------
