#                 Statistics Report
#  Circuit name                                 s349
#  Fault model                                   SAF
#  Pattern type                                  LOC
#  -------------------------------------------------
#  Fault classes                             #faults
#  ----------------------------  -------------------
#    FU (full)                                   968
#    --------------------------  -------------------
#    UD (undetected)                               0
#    PT (possibly testable)                        0
#    AU (atpg untestable)                          5
#    RE (redundant)                                0
#    AB (atpg abort)                               1
#    TI (tied)                                     0
#    DH (hard-but-detected)                       54
#    --------------------------  -------------------
#    DT (detected)                               962
#  -------------------------------------------------
#  Coverage                               percentage
#    --------------------------  -------------------
#    test coverage                             99.9%
#    fault coverage                           99.38%
#    atpg effectiveness                        99.9%
#  -------------------------------------------------
#  #Patterns                                      51
#  #Patterns Norm.                                51
#  Ave.Spec-rate                              26.23%
#  Max.Spec-rate                              54.17%
#  -------------------------------------------------
#  ATPG runtime                              0.203 s
#  -------------------------------------------------
