#                 Statistics Report
#  Circuit name                                 s349
#  Fault model                                   SAF
#  Pattern type                                  LOC
#  -------------------------------------------------
#  Fault classes                             #faults
#  ----------------------------  -------------------
#    FU (full)                                   358
#    --------------------------  -------------------
#    UD (undetected)                               0
#    PT (possibly testable)                       18
#    AU (atpg untestable)                          3
#    RE (redundant)                                0
#    AB (atpg abort)                               1
#    TI (tied)                                     0
#    DH (hard-but-detected)                       35
#    --------------------------  -------------------
#    DT (detected)                               336
#  -------------------------------------------------
#  Coverage                               percentage
#    --------------------------  -------------------
#    test coverage                            99.72%
#    fault coverage                           98.88%
#    atpg effectiveness                       94.69%
#  -------------------------------------------------
#  #Patterns                                      38
#  Ave.Spec-rate                              29.17%
#  Max.Spec-rate                              54.17%
#  -------------------------------------------------
#  ATPG runtime                             0.8197 s
#  -------------------------------------------------
