#                 Statistics Report
#  Circuit name                                 s349
#  Fault model                                   SAF
#  Pattern type                                  LOC
#  -------------------------------------------------
#  Fault classes                             #faults
#  ----------------------------  -------------------
#    FU (full)                                   968
#    --------------------------  -------------------
#    UD (undetected)                               0
#    PT (possibly testable)                        2
#    AU (atpg untestable)                          5
#    RE (redundant)                                0
#    AB (atpg abort)                               5
#    TI (tied)                                     0
#    DH (hard-but-detected)                       82
#    --------------------------  -------------------
#    DT (detected)                               956
#  -------------------------------------------------
#  Coverage                               percentage
#    --------------------------  -------------------
#    test coverage                            99.48%
#    fault coverage                           98.97%
#    atpg effectiveness                       99.28%
#  -------------------------------------------------
#  #Patterns                                      42
#  #Patterns Norm.                                42
#  Ave.Spec-rate                              28.37%
#  Max.Spec-rate                                100%
#  -------------------------------------------------
#  ATPG runtime                             0.2688 s
#  -------------------------------------------------
