#                 Statistics Report
#  Circuit name                               s35932
#  Fault model                                   SAF
#  Pattern type                                  LOC
#  -------------------------------------------------
#  Fault classes                             #faults
#  ----------------------------  -------------------
#    FU (full)                                 39094
#    --------------------------  -------------------
#    UD (undetected)                               0
#    PT (possibly testable)                        0
#    AU (atpg untestable)                       4569
#    RE (redundant)                                0
#    AB (atpg abort)                             775
#    TI (tied)                                     0
#    --------------------------  -------------------
#    DT (detected)                             33750
#  -------------------------------------------------
#  Coverage                               percentage
#    --------------------------  -------------------
#    test coverage                            97.76%
#    fault coverage                           86.33%
#    atpg effectiveness                       98.02%
#  -------------------------------------------------
#  #Patterns                                     781
#  -------------------------------------------------
#  ATPG runtime                              118.8 s
#  -------------------------------------------------
