#                 Statistics Report
#  Circuit name                                 s382
#  Fault model                                   SAF
#  Pattern type                                  LOC
#  -------------------------------------------------
#  Fault classes                             #faults
#  ----------------------------  -------------------
#    FU (full)                                   448
#    --------------------------  -------------------
#    UD (undetected)                               0
#    PT (possibly testable)                        0
#    AU (atpg untestable)                         22
#    RE (redundant)                                0
#    AB (atpg abort)                               0
#    TI (tied)                                     0
#    DH (hard-but-detected)                        2
#    --------------------------  -------------------
#    DT (detected)                               426
#  -------------------------------------------------
#  Coverage                               percentage
#    --------------------------  -------------------
#    test coverage                              100%
#    fault coverage                           95.09%
#    atpg effectiveness                         100%
#  -------------------------------------------------
#  #Patterns                                      42
#  Ave.Spec-rate                               -nan%
#  Max.Spec-rate                                  0%
#  -------------------------------------------------
#  ATPG runtime                            0.01549 s
#  -------------------------------------------------
