#                 Statistics Report
#  Circuit name                                 s382
#  Fault model                                   SAF
#  Pattern type                                  LOC
#  -------------------------------------------------
#  Fault classes                             #faults
#  ----------------------------  -------------------
#    FU (full)                                  1014
#    --------------------------  -------------------
#    UD (undetected)                               0
#    PT (possibly testable)                        0
#    AU (atpg untestable)                         22
#    RE (redundant)                                0
#    AB (atpg abort)                               2
#    TI (tied)                                     0
#    DH (hard-but-detected)                      990
#    --------------------------  -------------------
#    DT (detected)                               990
#  -------------------------------------------------
#  Coverage                               percentage
#    --------------------------  -------------------
#    test coverage                             99.8%
#    fault coverage                           97.63%
#    atpg effectiveness                        99.8%
#  -------------------------------------------------
#  #Patterns                                      48
#  #Patterns Norm.                                48
#  Ave.Spec-rate                              19.23%
#  Max.Spec-rate                                 75%
#  -------------------------------------------------
#  ATPG runtime                             0.9803 s
#  -------------------------------------------------
