#                 Statistics Report
#  Circuit name                               s38417
#  Fault model                                   SAF
#  Pattern type                                  LOC
#  -------------------------------------------------
#  Fault classes                             #faults
#  ----------------------------  -------------------
#    FU (full)                                115226
#    --------------------------  -------------------
#    UD (undetected)                               0
#    PT (possibly testable)                    17994
#    AU (atpg untestable)                        160
#    RE (redundant)                                0
#    AB (atpg abort)                            8350
#    TI (tied)                                     0
#    --------------------------  -------------------
#    DT (detected)                             88722
#  -------------------------------------------------
#  Coverage                               percentage
#    --------------------------  -------------------
#    test coverage                            77.11%
#    fault coverage                              77%
#    atpg effectiveness                       77.14%
#  -------------------------------------------------
#  #Patterns                                   26451
#  -------------------------------------------------
#  ATPG runtime                              393.4 s
#  -------------------------------------------------
