#                 Statistics Report
#  Circuit name                               s38417
#  Fault model                                   SAF
#  Pattern type                                  LOC
#  -------------------------------------------------
#  Fault classes                             #faults
#  ----------------------------  -------------------
#    FU (full)                                115226
#    --------------------------  -------------------
#    UD (undetected)                               0
#    PT (possibly testable)                        0
#    AU (atpg untestable)                        214
#    RE (redundant)                                0
#    AB (atpg abort)                             257
#    TI (tied)                                     0
#    DH (hard-but-detected)                     1511
#    --------------------------  -------------------
#    DT (detected)                            114755
#  -------------------------------------------------
#  Coverage                               percentage
#    --------------------------  -------------------
#    test coverage                            99.78%
#    fault coverage                           99.59%
#    atpg effectiveness                       99.78%
#  -------------------------------------------------
#  #Patterns                                     281
#  #Patterns Norm.                               281
#  Ave.Spec-rate                              17.41%
#  Max.Spec-rate                              61.54%
#  -------------------------------------------------
#  ATPG runtime                              131.6 s
#  -------------------------------------------------
