#                 Statistics Report
#  Circuit name                               s38417
#  Fault model                                   TDF
#  Pattern type                                  LOC
#  -------------------------------------------------
#  Fault classes                             #faults
#  ----------------------------  -------------------
#    FU (full)                                128322
#    --------------------------  -------------------
#    UD (undetected)                            3272
#    PT (possibly testable)                        0
#    AU (atpg untestable)                       1382
#    RE (redundant)                                0
#    AB (atpg abort)                             515
#    TI (tied)                                     0
#    --------------------------  -------------------
#    DT (detected)                            123153
#  -------------------------------------------------
#  Coverage                               percentage
#    --------------------------  -------------------
#    test coverage                            97.02%
#    fault coverage                           95.97%
#    atpg effectiveness                       97.05%
#  -------------------------------------------------
#  #Patterns                                    3452
#  -------------------------------------------------
#  ATPG runtime                                252 s
#  -------------------------------------------------
