#                 Statistics Report
#  Circuit name                               s38417
#  Fault model                                   SAF
#  Pattern type                                  LOC
#  -------------------------------------------------
#  Fault classes                             #faults
#  ----------------------------  -------------------
#    FU (full)                                 32320
#    --------------------------  -------------------
#    UD (undetected)                               0
#    PT (possibly testable)                     3521
#    AU (atpg untestable)                         58
#    RE (redundant)                                0
#    AB (atpg abort)                            1608
#    TI (tied)                                     0
#    --------------------------  -------------------
#    DT (detected)                             27133
#  -------------------------------------------------
#  Coverage                               percentage
#    --------------------------  -------------------
#    test coverage                             84.1%
#    fault coverage                           83.95%
#    atpg effectiveness                       84.13%
#  -------------------------------------------------
#  #Patterns                                    4429
#  -------------------------------------------------
#  ATPG runtime                              58.42 s
#  -------------------------------------------------
