#                 Statistics Report
#  Circuit name                               s38584
#  Fault model                                   SAF
#  Pattern type                                  LOC
#  -------------------------------------------------
#  Fault classes                             #faults
#  ----------------------------  -------------------
#    FU (full)                                110406
#    --------------------------  -------------------
#    UD (undetected)                               0
#    PT (possibly testable)                     3289
#    AU (atpg untestable)                       1970
#    RE (redundant)                                0
#    AB (atpg abort)                            4880
#    TI (tied)                                     0
#    DH (hard-but-detected)                    10107
#    --------------------------  -------------------
#    DT (detected)                            100267
#  -------------------------------------------------
#  Coverage                               percentage
#    --------------------------  -------------------
#    test coverage                             95.5%
#    fault coverage                            93.8%
#    atpg effectiveness                        92.6%
#  -------------------------------------------------
#  #Patterns                                     205
#  #Patterns Norm.                               205
#  Ave.Spec-rate                              10.93%
#  Max.Spec-rate                              63.39%
#  -------------------------------------------------
#  ATPG runtime                               4555 s
#  -------------------------------------------------
