#                 Statistics Report
#  Circuit name                               s38584
#  Fault model                                   SAF
#  Pattern type                                  LOC
#  -------------------------------------------------
#  Fault classes                             #faults
#  ----------------------------  -------------------
#    FU (full)                                110406
#    --------------------------  -------------------
#    UD (undetected)                               0
#    PT (possibly testable)                        0
#    AU (atpg untestable)                       5103
#    RE (redundant)                                0
#    AB (atpg abort)                             108
#    TI (tied)                                     0
#    DH (hard-but-detected)                     1254
#    --------------------------  -------------------
#    DT (detected)                            105195
#  -------------------------------------------------
#  Coverage                               percentage
#    --------------------------  -------------------
#    test coverage                             99.9%
#    fault coverage                           95.28%
#    atpg effectiveness                        99.9%
#  -------------------------------------------------
#  #Patterns                                     268
#  #Patterns Norm.                               268
#  Ave.Spec-rate                              12.06%
#  Max.Spec-rate                               95.9%
#  -------------------------------------------------
#  ATPG runtime                          1.627e+04 s
#  -------------------------------------------------
