#                 Statistics Report
#  Circuit name                               s38584
#  Fault model                                   SAF
#  Pattern type                                  LOC
#  -------------------------------------------------
#  Fault classes                             #faults
#  ----------------------------  -------------------
#    FU (full)                                110406
#    --------------------------  -------------------
#    UD (undetected)                               0
#    PT (possibly testable)                        0
#    AU (atpg untestable)                       4798
#    RE (redundant)                                0
#    AB (atpg abort)                             413
#    TI (tied)                                     0
#    DH (hard-but-detected)                     2487
#    --------------------------  -------------------
#    DT (detected)                            105195
#  -------------------------------------------------
#  Coverage                               percentage
#    --------------------------  -------------------
#    test coverage                            99.61%
#    fault coverage                           95.28%
#    atpg effectiveness                       99.63%
#  -------------------------------------------------
#  #Patterns                                     357
#  #Patterns Norm.                               357
#  Ave.Spec-rate                              10.79%
#  Max.Spec-rate                              92.21%
#  -------------------------------------------------
#  ATPG runtime                              302.2 s
#  -------------------------------------------------
