#                 Statistics Report
#  Circuit name                                 s386
#  Fault model                                   SAF
#  Pattern type                                  LOC
#  -------------------------------------------------
#  Fault classes                             #faults
#  ----------------------------  -------------------
#    FU (full)                                  1064
#    --------------------------  -------------------
#    UD (undetected)                               0
#    PT (possibly testable)                        2
#    AU (atpg untestable)                          1
#    RE (redundant)                                0
#    AB (atpg abort)                               0
#    TI (tied)                                     0
#    DH (hard-but-detected)                       85
#    --------------------------  -------------------
#    DT (detected)                              1061
#  -------------------------------------------------
#  Coverage                               percentage
#    --------------------------  -------------------
#    test coverage                              100%
#    fault coverage                           99.91%
#    atpg effectiveness                       99.81%
#  -------------------------------------------------
#  #Patterns                                      72
#  #Patterns Norm.                                72
#  Ave.Spec-rate                              63.17%
#  Max.Spec-rate                              84.62%
#  -------------------------------------------------
#  ATPG runtime                            0.07547 s
#  -------------------------------------------------
