#                 Statistics Report
#  Circuit name                                 s386
#  Fault model                                   SAF
#  Pattern type                                  LOC
#  -------------------------------------------------
#  Fault classes                             #faults
#  ----------------------------  -------------------
#    FU (full)                                  1064
#    --------------------------  -------------------
#    UD (undetected)                               0
#    PT (possibly testable)                       81
#    AU (atpg untestable)                         24
#    RE (redundant)                                0
#    AB (atpg abort)                               0
#    TI (tied)                                     0
#    DH (hard-but-detected)                       68
#    --------------------------  -------------------
#    DT (detected)                               959
#  -------------------------------------------------
#  Coverage                               percentage
#    --------------------------  -------------------
#    test coverage                              100%
#    fault coverage                           97.74%
#    atpg effectiveness                       92.39%
#  -------------------------------------------------
#  #Patterns                                      61
#  #Patterns Norm.                                61
#  Ave.Spec-rate                              62.78%
#  Max.Spec-rate                              84.62%
#  -------------------------------------------------
#  ATPG runtime                            0.06979 s
#  -------------------------------------------------
