#                 Statistics Report
#  Circuit name                                 s386
#  Fault model                                   SAF
#  Pattern type                                  LOC
#  -------------------------------------------------
#  Fault classes                             #faults
#  ----------------------------  -------------------
#    FU (full)                                  1064
#    --------------------------  -------------------
#    UD (undetected)                               0
#    PT (possibly testable)                        0
#    AU (atpg untestable)                          0
#    RE (redundant)                                0
#    AB (atpg abort)                               0
#    TI (tied)                                     0
#    DH (hard-but-detected)                       85
#    --------------------------  -------------------
#    DT (detected)                              1064
#  -------------------------------------------------
#  Coverage                               percentage
#    --------------------------  -------------------
#    test coverage                              100%
#    fault coverage                             100%
#    atpg effectiveness                         100%
#  -------------------------------------------------
#  #Patterns                                      73
#  #Patterns Norm.                                73
#  Ave.Spec-rate                              63.44%
#  Max.Spec-rate                              84.62%
#  -------------------------------------------------
#  ATPG runtime                            0.07416 s
#  -------------------------------------------------
