#                 Statistics Report
#  Circuit name                                 s444
#  Fault model                                   SAF
#  Pattern type                                  LOC
#  -------------------------------------------------
#  Fault classes                             #faults
#  ----------------------------  -------------------
#    FU (full)                                  1168
#    --------------------------  -------------------
#    UD (undetected)                               0
#    PT (possibly testable)                        1
#    AU (atpg untestable)                         23
#    RE (redundant)                                0
#    AB (atpg abort)                               0
#    TI (tied)                                     0
#    DH (hard-but-detected)                       57
#    --------------------------  -------------------
#    DT (detected)                              1144
#  -------------------------------------------------
#  Coverage                               percentage
#    --------------------------  -------------------
#    test coverage                              100%
#    fault coverage                           98.03%
#    atpg effectiveness                       99.91%
#  -------------------------------------------------
#  #Patterns                                      40
#  #Patterns Norm.                                40
#  Ave.Spec-rate                                 26%
#  Max.Spec-rate                              41.67%
#  -------------------------------------------------
#  ATPG runtime                             0.1734 s
#  -------------------------------------------------
