#                 Statistics Report
#  Circuit name                                 s444
#  Fault model                                   TDF
#  Pattern type                                  LOC
#  -------------------------------------------------
#  Fault classes                             #faults
#  ----------------------------  -------------------
#    FU (full)                                  1344
#    --------------------------  -------------------
#    UD (undetected)                              42
#    PT (possibly testable)                        0
#    AU (atpg untestable)                        233
#    RE (redundant)                                0
#    AB (atpg abort)                               0
#    TI (tied)                                     0
#    --------------------------  -------------------
#    DT (detected)                              1069
#  -------------------------------------------------
#  Coverage                               percentage
#    --------------------------  -------------------
#    test coverage                            96.22%
#    fault coverage                           79.54%
#    atpg effectiveness                       96.88%
#  -------------------------------------------------
#  #Patterns                                      62
#  -------------------------------------------------
#  ATPG runtime                            0.01235 s
#  -------------------------------------------------
