#                 Statistics Report
#  Circuit name                                 s444
#  Fault model                                   SAF
#  Pattern type                                  LOC
#  -------------------------------------------------
#  Fault classes                             #faults
#  ----------------------------  -------------------
#    FU (full)                                  1168
#    --------------------------  -------------------
#    UD (undetected)                               0
#    PT (possibly testable)                        0
#    AU (atpg untestable)                         12
#    RE (redundant)                                0
#    AB (atpg abort)                              11
#    TI (tied)                                     0
#    DH (hard-but-detected)                        3
#    --------------------------  -------------------
#    DT (detected)                              1145
#  -------------------------------------------------
#  Coverage                               percentage
#    --------------------------  -------------------
#    test coverage                            99.05%
#    fault coverage                           98.03%
#    atpg effectiveness                       99.06%
#  -------------------------------------------------
#  #Patterns                                      42
#  #Patterns Norm.                                42
#  Ave.Spec-rate                               -nan%
#  Max.Spec-rate                                  0%
#  -------------------------------------------------
#  ATPG runtime                               0.49 s
#  -------------------------------------------------
