#                 Statistics Report
#  Circuit name                                 s444
#  Fault model                                   SAF
#  Pattern type                                  LOC
#  -------------------------------------------------
#  Fault classes                             #faults
#  ----------------------------  -------------------
#    FU (full)                                  1168
#    --------------------------  -------------------
#    UD (undetected)                               0
#    PT (possibly testable)                      254
#    AU (atpg untestable)                         10
#    RE (redundant)                                0
#    AB (atpg abort)                              17
#    TI (tied)                                     0
#    --------------------------  -------------------
#    DT (detected)                               887
#  -------------------------------------------------
#  Coverage                               percentage
#    --------------------------  -------------------
#    test coverage                             76.6%
#    fault coverage                           75.94%
#    atpg effectiveness                        76.8%
#  -------------------------------------------------
#  #Patterns                                     308
#  -------------------------------------------------
#  ATPG runtime                            0.02596 s
#  -------------------------------------------------
