#                 Statistics Report
#  Circuit name                                s9234
#  Fault model                                   SAF
#  Pattern type                                  LOC
#  -------------------------------------------------
#  Fault classes                             #faults
#  ----------------------------  -------------------
#    FU (full)                                  7274
#    --------------------------  -------------------
#    UD (undetected)                               0
#    PT (possibly testable)                        0
#    AU (atpg untestable)                        304
#    RE (redundant)                                0
#    AB (atpg abort)                             265
#    TI (tied)                                     0
#    DH (hard-but-detected)                      143
#    --------------------------  -------------------
#    DT (detected)                              6705
#  -------------------------------------------------
#  Coverage                               percentage
#    --------------------------  -------------------
#    test coverage                             96.2%
#    fault coverage                           92.18%
#    atpg effectiveness                       96.36%
#  -------------------------------------------------
#  #Patterns                                     497
#  Ave.Spec-rate                              11.13%
#  Max.Spec-rate                              17.41%
#  -------------------------------------------------
#  ATPG runtime                              15.63 s
#  -------------------------------------------------
