#                 Statistics Report
#  Circuit name                                s9234
#  Fault model                                   SAF
#  Pattern type                                  LOC
#  -------------------------------------------------
#  Fault classes                             #faults
#  ----------------------------  -------------------
#    FU (full)                                  7274
#    --------------------------  -------------------
#    UD (undetected)                               0
#    PT (possibly testable)                        0
#    AU (atpg untestable)                        239
#    RE (redundant)                                0
#    AB (atpg abort)                             256
#    TI (tied)                                     0
#    DH (hard-but-detected)                      172
#    --------------------------  -------------------
#    DT (detected)                              6779
#  -------------------------------------------------
#  Coverage                               percentage
#    --------------------------  -------------------
#    test coverage                            96.36%
#    fault coverage                           93.19%
#    atpg effectiveness                       96.48%
#  -------------------------------------------------
#  #Patterns                                     511
#  Ave.Spec-rate                              10.56%
#  Max.Spec-rate                              15.38%
#  -------------------------------------------------
#  ATPG runtime                              9.984 s
#  -------------------------------------------------
