#                 Statistics Report
#  Circuit name                                s9234
#  Fault model                                   SAF
#  Pattern type                                  LOC
#  -------------------------------------------------
#  Fault classes                             #faults
#  ----------------------------  -------------------
#    FU (full)                                 28130
#    --------------------------  -------------------
#    UD (undetected)                               0
#    PT (possibly testable)                        0
#    AU (atpg untestable)                        837
#    RE (redundant)                                0
#    AB (atpg abort)                             807
#    TI (tied)                                     0
#    DH (hard-but-detected)                      464
#    --------------------------  -------------------
#    DT (detected)                             26486
#  -------------------------------------------------
#  Coverage                               percentage
#    --------------------------  -------------------
#    test coverage                            97.04%
#    fault coverage                           94.16%
#    atpg effectiveness                       97.13%
#  -------------------------------------------------
#  #Patterns                                     239
#  #Patterns Norm.                               239
#  Ave.Spec-rate                              24.65%
#  Max.Spec-rate                              82.19%
#  -------------------------------------------------
#  ATPG runtime                              127.7 s
#  -------------------------------------------------
