#                 Statistics Report
#  Circuit name                            starc_top
#  Fault model                                   SAF
#  Pattern type                                BASIC
#  -------------------------------------------------
#  Fault classes                             #faults
#  ----------------------------  -------------------
#    FU (full)                               1173392
#    --------------------------  -------------------
#    UD (undetected)                               0
#    PT (possibly testable)                        0
#    AU (atpg untestable)                       3218
#    RE (redundant)                                0
#    AB (atpg abort)                           35143
#    TI (tied)                                     0
#    DH (hard-but-detected)                     1252
#    --------------------------  -------------------
#    DT (detected)                           1135031
#  -------------------------------------------------
#  Coverage                               percentage
#    --------------------------  -------------------
#    test coverage                               97%
#    fault coverage                           96.73%
#    atpg effectiveness                       97.01%
#  -------------------------------------------------
#  #Patterns                                    3166
#  Ave.Spec-rate                              1.093%
#  Max.Spec-rate                              41.96%
#  -------------------------------------------------
#  ATPG runtime                          7.141e+05 s
#  -------------------------------------------------
