#                 Statistics Report
#  Circuit name                            starc_top
#  Fault model                                   SAF
#  Pattern type                                BASIC
#  -------------------------------------------------
#  Fault classes                             #faults
#  ----------------------------  -------------------
#    FU (full)                               1173392
#    --------------------------  -------------------
#    UD (undetected)                               0
#    PT (possibly testable)                        0
#    AU (atpg untestable)                       3218
#    RE (redundant)                                0
#    AB (atpg abort)                           36284
#    TI (tied)                                     0
#    --------------------------  -------------------
#    DT (detected)                           1133890
#  -------------------------------------------------
#  Coverage                               percentage
#    --------------------------  -------------------
#    test coverage                             96.9%
#    fault coverage                           96.63%
#    atpg effectiveness                       96.91%
#  -------------------------------------------------
#  #Patterns                                   27342
#  Ave.Spec-rate                            0.04856%
#  Max.Spec-rate                             0.1616%
#  -------------------------------------------------
#  ATPG runtime                           9.37e+04 s
#  -------------------------------------------------
